2026-04-10T10:22:39.451+0200 [grizzly-http-server-10] INFO  it.cnr.isti.labsedc.concern.ConcernApp - 

-----------------------------------------------------
- NEW MONITORING SESSION - ALL COMPONENTS RESTARTED -
-----------------------------------------------------



2026-04-10T10:22:39.452+0200 [grizzly-http-server-10] INFO  it.cnr.isti.labsedc.concern.ConcernApp - Starting components
2026-04-10T10:22:39.454+0200 [grizzly-http-server-10] DEBUG it.cnr.isti.labsedc.concern.ConcernApp - ConcernApp is launching the broker.
2026-04-10T10:22:39.454+0200 [grizzly-http-server-10] INFO  it.cnr.isti.labsedc.concern.broker.ActiveMQBrokerManager - Start SSL Broker
2026-04-10T10:22:39.459+0200 [grizzly-http-server-10] DEBUG it.cnr.isti.labsedc.concern.broker.ActiveMQBrokerManager - Creating TrasportConnector
2026-04-10T10:22:39.598+0200 [grizzly-http-server-10] DEBUG it.cnr.isti.labsedc.concern.broker.ActiveMQBrokerManager - Waiting for broker start
2026-04-10T10:22:39.598+0200 [grizzly-http-server-10] DEBUG it.cnr.isti.labsedc.concern.broker.ActiveMQBrokerManager - broker started
2026-04-10T10:22:39.598+0200 [grizzly-http-server-10] DEBUG it.cnr.isti.labsedc.concern.broker.ActiveMQBrokerManager - Enabling SSL ConnectionFactory
2026-04-10T10:22:39.611+0200 [grizzly-http-server-10] DEBUG it.cnr.isti.labsedc.concern.broker.ActiveMQBrokerManager - Connection sucessfully created
2026-04-10T10:22:39.612+0200 [grizzly-http-server-10] DEBUG it.cnr.isti.labsedc.concern.broker.ActiveMQBrokerManager - Component ActiveMQBrokerManager loaded in registry.
2026-04-10T10:22:39.612+0200 [grizzly-http-server-10] DEBUG it.cnr.isti.labsedc.concern.ConcernApp - ConcernApp broker launched.
2026-04-10T10:22:39.612+0200 [grizzly-http-server-10] INFO  it.cnr.isti.labsedc.concern.ConcernApp - Connecting to ActiveMQ
2026-04-10T10:22:39.612+0200 [grizzly-http-server-10] INFO  it.cnr.isti.labsedc.concern.ConcernApp - Connected to ActiveMQ
2026-04-10T10:22:39.612+0200 [grizzly-http-server-10] DEBUG it.cnr.isti.labsedc.concern.register.ChannelsManagementRegistry - into ChannelsManagementRegistry
2026-04-10T10:22:39.612+0200 [grizzly-http-server-10] DEBUG it.cnr.isti.labsedc.concern.register.ChannelsManagementRegistry - ChannelsManagementRegistry started
2026-04-10T10:22:39.612+0200 [grizzly-http-server-10] DEBUG it.cnr.isti.labsedc.concern.register.ChannelsManagementRegistry - ChannelsManagementRegistry loaded in registry.
2026-04-10T10:22:39.612+0200 [grizzly-http-server-10] DEBUG it.cnr.isti.labsedc.concern.ConcernApp - Channels Management Registry created
2026-04-10T10:22:39.917+0200 [grizzly-http-server-10] INFO  it.cnr.isti.labsedc.concern.cep.DroolsComplexEventProcessorManager - CEP creation 
2026-04-10T10:22:39.927+0200 [grizzly-http-server-10] INFO  it.cnr.isti.labsedc.concern.cep.EsperComplexEventProcessorManager - CEP creation 
2026-04-10T10:22:39.936+0200 [Thread-9] INFO  it.cnr.isti.labsedc.concern.cep.EsperComplexEventProcessorManager - ...CEP named InstanceTwo creates a listening channel called: ESPER-InstanceTwo
2026-04-10T10:22:39.936+0200 [Thread-8] INFO  it.cnr.isti.labsedc.concern.cep.DroolsComplexEventProcessorManager - ...CEP named InstanceOne creates a listening channel called: DROOLS-InstanceOne
2026-04-10T10:22:40.120+0200 [Thread-8] INFO  it.cnr.isti.labsedc.concern.cep.DroolsComplexEventProcessorManager - ...CEP named InstanceOne created Session and fires rules /home/acalabro/eclipse-workspace/Concern_Monitoring_Infrastructure/src/main/resources/startupRule.drl with knowledgePackages: [[Package name=it.cnr.isti.labsedc.concern.event]]
